---
http_interactions:
- request:
    method: get
    uri: https://267bb31dc494b49d62868e5845133fea:670cb9711a17762b01aedd42692b2225@roarify.myshopify.com/admin/themes.json
    body:
      encoding: US-ASCII
      string: ''
    headers:
      Accept-Encoding:
      - gzip;q=1.0,deflate;q=0.6,identity;q=0.3
      Accept:
      - application/json
      User-Agent:
      - Ruby
      Content-Type:
      - application/json
  response:
    status:
      code: 200
      message: OK
    headers:
      Server:
      - nginx
      Date:
      - Wed, 22 Jul 2015 14:17:23 GMT
      Content-Type:
      - application/json; charset=utf-8
      Transfer-Encoding:
      - chunked
      Connection:
      - keep-alive
      X-Sorting-Hat-Podid:
      - '2'
      X-Sorting-Hat-Shopid:
      - '9123524'
      X-Sorting-Hat-Podid-Cached:
      - '0'
      X-Sorting-Hat-Shopid-Cached:
      - '0'
      Vary:
      - Accept-Encoding
      Status:
      - 200 OK
      X-Xss-Protection:
      - 1; mode=block; report=/xss-report/f681c826-4d96-4aab-a2b8-4edefb619c18?source%5Baction%5D=index&source%5Bcontroller%5D=admin%2Fthemes&source%5Bsection%5D=admin
      X-Content-Type-Options:
      - nosniff
      - nosniff
      X-Frame-Options:
      - DENY
      X-Shopid:
      - '9123524'
      X-Shardid:
      - '2'
      X-Shopify-Shop-Api-Call-Limit:
      - 1/40
      Http-X-Shopify-Shop-Api-Call-Limit:
      - 1/40
      X-Stats-Userid:
      - '0'
      X-Stats-Apiclientid:
      - '977366'
      X-Stats-Apipermissionid:
      - '12331486'
      Set-Cookie:
      - request_method=GET; path=/
      X-Request-Id:
      - f681c826-4d96-4aab-a2b8-4edefb619c18
      P3p:
      - CP="NOI DSP COR NID ADMa OPTa OUR NOR"
      X-Dc:
      - ash
    body:
      encoding: UTF-8
      string: '{"themes":[{"id":44140483,"name":"launchpad-star","created_at":"2015-07-03T06:28:39-04:00","updated_at":"2015-07-15T12:49:12-04:00","role":"unpublished","theme_store_id":null,"previewable":true,"processing":false},{"id":44159875,"name":"solo","created_at":"2015-07-03T07:50:01-04:00","updated_at":"2015-07-08T18:47:47-04:00","role":"main","theme_store_id":null,"previewable":true,"processing":false}]}'
    http_version: 
  recorded_at: Wed, 22 Jul 2015 14:17:23 GMT
- request:
    method: get
    uri: https://267bb31dc494b49d62868e5845133fea:670cb9711a17762b01aedd42692b2225@roarify.myshopify.com/admin/themes/44140483.json
    body:
      encoding: US-ASCII
      string: ''
    headers:
      Accept-Encoding:
      - gzip;q=1.0,deflate;q=0.6,identity;q=0.3
      Accept:
      - application/json
      User-Agent:
      - Ruby
      Content-Type:
      - application/json
  response:
    status:
      code: 200
      message: OK
    headers:
      Server:
      - nginx
      Date:
      - Wed, 22 Jul 2015 14:17:24 GMT
      Content-Type:
      - application/json; charset=utf-8
      Transfer-Encoding:
      - chunked
      Connection:
      - keep-alive
      X-Sorting-Hat-Podid:
      - '2'
      X-Sorting-Hat-Shopid:
      - '9123524'
      X-Sorting-Hat-Podid-Cached:
      - '0'
      X-Sorting-Hat-Shopid-Cached:
      - '0'
      Vary:
      - Accept-Encoding
      Status:
      - 200 OK
      X-Xss-Protection:
      - 1; mode=block; report=/xss-report/c6287cbb-ef8d-42ab-86d0-e2fb9a7a094f?source%5Baction%5D=show&source%5Bcontroller%5D=admin%2Fthemes&source%5Bsection%5D=admin
      X-Content-Type-Options:
      - nosniff
      - nosniff
      X-Frame-Options:
      - DENY
      X-Shopid:
      - '9123524'
      X-Shardid:
      - '2'
      X-Shopify-Shop-Api-Call-Limit:
      - 1/40
      Http-X-Shopify-Shop-Api-Call-Limit:
      - 1/40
      X-Stats-Userid:
      - '0'
      X-Stats-Apiclientid:
      - '977366'
      X-Stats-Apipermissionid:
      - '12331486'
      Set-Cookie:
      - request_method=GET; path=/
      X-Request-Id:
      - c6287cbb-ef8d-42ab-86d0-e2fb9a7a094f
      P3p:
      - CP="NOI DSP COR NID ADMa OPTa OUR NOR"
      X-Dc:
      - ash
    body:
      encoding: UTF-8
      string: '{"theme":{"id":44140483,"name":"launchpad-star","created_at":"2015-07-03T06:28:39-04:00","updated_at":"2015-07-15T12:49:12-04:00","role":"unpublished","theme_store_id":null,"previewable":true,"processing":false}}'
    http_version: 
  recorded_at: Wed, 22 Jul 2015 14:17:25 GMT
- request:
    method: get
    uri: https://267bb31dc494b49d62868e5845133fea:670cb9711a17762b01aedd42692b2225@roarify.myshopify.com/admin/themes/44159875.json
    body:
      encoding: US-ASCII
      string: ''
    headers:
      Accept-Encoding:
      - gzip;q=1.0,deflate;q=0.6,identity;q=0.3
      Accept:
      - application/json
      User-Agent:
      - Ruby
      Content-Type:
      - application/json
  response:
    status:
      code: 200
      message: OK
    headers:
      Server:
      - nginx
      Date:
      - Wed, 22 Jul 2015 14:17:26 GMT
      Content-Type:
      - application/json; charset=utf-8
      Transfer-Encoding:
      - chunked
      Connection:
      - keep-alive
      X-Sorting-Hat-Podid:
      - '2'
      X-Sorting-Hat-Shopid:
      - '9123524'
      X-Sorting-Hat-Podid-Cached:
      - '0'
      X-Sorting-Hat-Shopid-Cached:
      - '0'
      Vary:
      - Accept-Encoding
      Status:
      - 200 OK
      X-Xss-Protection:
      - 1; mode=block; report=/xss-report/4ecabb39-b30d-4aff-827b-96cf18613425?source%5Baction%5D=show&source%5Bcontroller%5D=admin%2Fthemes&source%5Bsection%5D=admin
      X-Content-Type-Options:
      - nosniff
      - nosniff
      X-Frame-Options:
      - DENY
      X-Shopid:
      - '9123524'
      X-Shardid:
      - '2'
      X-Shopify-Shop-Api-Call-Limit:
      - 1/40
      Http-X-Shopify-Shop-Api-Call-Limit:
      - 1/40
      X-Stats-Userid:
      - '0'
      X-Stats-Apiclientid:
      - '977366'
      X-Stats-Apipermissionid:
      - '12331486'
      Set-Cookie:
      - request_method=GET; path=/
      X-Request-Id:
      - 4ecabb39-b30d-4aff-827b-96cf18613425
      P3p:
      - CP="NOI DSP COR NID ADMa OPTa OUR NOR"
      X-Dc:
      - ash
    body:
      encoding: UTF-8
      string: '{"theme":{"id":44159875,"name":"solo","created_at":"2015-07-03T07:50:01-04:00","updated_at":"2015-07-08T18:47:47-04:00","role":"main","theme_store_id":null,"previewable":true,"processing":false}}'
    http_version: 
  recorded_at: Wed, 22 Jul 2015 14:17:26 GMT
recorded_with: VCR 2.9.3
