---
http_interactions:
- request:
    method: get
    uri: https://267bb31dc494b49d62868e5845133fea:670cb9711a17762b01aedd42692b2225@roarify.myshopify.com/admin/products.json?fields=id&handle=i-like-this-book
    body:
      encoding: US-ASCII
      string: ''
    headers:
      Accept-Encoding:
      - gzip;q=1.0,deflate;q=0.6,identity;q=0.3
      Accept:
      - application/json
      User-Agent:
      - Ruby
      Content-Type:
      - application/json
  response:
    status:
      code: 200
      message: OK
    headers:
      Server:
      - nginx
      Date:
      - Mon, 20 Jul 2015 10:25:28 GMT
      Content-Type:
      - application/json; charset=utf-8
      Transfer-Encoding:
      - chunked
      Connection:
      - keep-alive
      X-Sorting-Hat-Podid:
      - '2'
      X-Sorting-Hat-Shopid:
      - '9123524'
      X-Sorting-Hat-Podid-Cached:
      - '1'
      X-Sorting-Hat-Shopid-Cached:
      - '1'
      Vary:
      - Accept-Encoding
      Status:
      - 200 OK
      X-Xss-Protection:
      - 1; mode=block; report=/xss-report/a880fa3c-7473-4bd4-94ff-fa4935cf615a?source%5Baction%5D=index&source%5Bcontroller%5D=admin%2Fproducts&source%5Bsection%5D=admin
      X-Content-Type-Options:
      - nosniff
      - nosniff
      X-Frame-Options:
      - DENY
      X-Shopid:
      - '9123524'
      X-Shardid:
      - '2'
      X-Shopify-Shop-Api-Call-Limit:
      - 1/40
      Http-X-Shopify-Shop-Api-Call-Limit:
      - 1/40
      X-Stats-Userid:
      - '0'
      X-Stats-Apiclientid:
      - '977366'
      X-Stats-Apipermissionid:
      - '12331486'
      Set-Cookie:
      - request_method=GET; path=/
      X-Request-Id:
      - a880fa3c-7473-4bd4-94ff-fa4935cf615a
      P3p:
      - CP="NOI DSP COR NID ADMa OPTa OUR NOR"
      X-Dc:
      - ash
    body:
      encoding: UTF-8
      string: '{"products":[{"id":1505250435}]}'
    http_version: 
  recorded_at: Mon, 20 Jul 2015 10:25:29 GMT
- request:
    method: get
    uri: https://267bb31dc494b49d62868e5845133fea:670cb9711a17762b01aedd42692b2225@roarify.myshopify.com/admin/products/1505250435.json
    body:
      encoding: US-ASCII
      string: ''
    headers:
      Accept-Encoding:
      - gzip;q=1.0,deflate;q=0.6,identity;q=0.3
      Accept:
      - application/json
      User-Agent:
      - Ruby
      Content-Type:
      - application/json
  response:
    status:
      code: 200
      message: OK
    headers:
      Server:
      - nginx
      Date:
      - Mon, 20 Jul 2015 10:25:30 GMT
      Content-Type:
      - application/json; charset=utf-8
      Transfer-Encoding:
      - chunked
      Connection:
      - keep-alive
      X-Sorting-Hat-Podid:
      - '2'
      X-Sorting-Hat-Shopid:
      - '9123524'
      X-Sorting-Hat-Podid-Cached:
      - '1'
      X-Sorting-Hat-Shopid-Cached:
      - '1'
      Vary:
      - Accept-Encoding
      Status:
      - 200 OK
      X-Xss-Protection:
      - 1; mode=block; report=/xss-report/4231f4d5-59d8-4716-b263-e415ae270b56?source%5Baction%5D=show&source%5Bcontroller%5D=admin%2Fproducts&source%5Bsection%5D=admin
      X-Content-Type-Options:
      - nosniff
      - nosniff
      X-Frame-Options:
      - DENY
      X-Shopid:
      - '9123524'
      X-Shardid:
      - '2'
      X-Shopify-Shop-Api-Call-Limit:
      - 1/40
      Http-X-Shopify-Shop-Api-Call-Limit:
      - 1/40
      X-Stats-Userid:
      - '0'
      X-Stats-Apiclientid:
      - '977366'
      X-Stats-Apipermissionid:
      - '12331486'
      Set-Cookie:
      - request_method=GET; path=/
      X-Request-Id:
      - 4231f4d5-59d8-4716-b263-e415ae270b56
      P3p:
      - CP="NOI DSP COR NID ADMa OPTa OUR NOR"
      X-Dc:
      - ash
    body:
      encoding: UTF-8
      string: '{"product":{"body_html":null,"created_at":"2015-07-08T07:42:19-04:00","handle":"i-like-this-book","id":1505250435,"product_type":"","published_at":"2015-07-08T07:42:19-04:00","published_scope":"global","template_suffix":null,"title":"New
        Title","updated_at":"2015-07-19T03:25:50-04:00","vendor":"Roarify","tags":"","variants":[{"barcode":null,"compare_at_price":null,"created_at":"2015-07-08T07:42:19-04:00","fulfillment_service":"manual","grams":0,"id":4515919875,"inventory_management":null,"inventory_policy":"deny","option1":"Default
        Title","option2":null,"option3":null,"position":1,"price":"0.00","product_id":1505250435,"requires_shipping":true,"sku":"","taxable":true,"title":"Default
        Title","updated_at":"2015-07-08T07:42:19-04:00","inventory_quantity":1,"old_inventory_quantity":1,"image_id":null,"weight":0.0,"weight_unit":"kg"}],"options":[{"id":1802264003,"name":"Title","position":1,"product_id":1505250435,"values":["Default
        Title"]}],"images":[],"image":null}}'
    http_version: 
  recorded_at: Mon, 20 Jul 2015 10:25:30 GMT
- request:
    method: get
    uri: https://267bb31dc494b49d62868e5845133fea:670cb9711a17762b01aedd42692b2225@roarify.myshopify.com/admin/products.json?fields=id&handle=i-like-this-book
    body:
      encoding: US-ASCII
      string: ''
    headers:
      Accept-Encoding:
      - gzip;q=1.0,deflate;q=0.6,identity;q=0.3
      Accept:
      - application/json
      User-Agent:
      - Ruby
      Content-Type:
      - application/json
  response:
    status:
      code: 200
      message: OK
    headers:
      Server:
      - nginx
      Date:
      - Mon, 20 Jul 2015 10:25:31 GMT
      Content-Type:
      - application/json; charset=utf-8
      Transfer-Encoding:
      - chunked
      Connection:
      - keep-alive
      X-Sorting-Hat-Podid:
      - '2'
      X-Sorting-Hat-Shopid:
      - '9123524'
      X-Sorting-Hat-Podid-Cached:
      - '1'
      X-Sorting-Hat-Shopid-Cached:
      - '1'
      Vary:
      - Accept-Encoding
      Status:
      - 200 OK
      X-Xss-Protection:
      - 1; mode=block; report=/xss-report/3232872b-ada2-49cb-8518-93b6a5ea8e94?source%5Baction%5D=index&source%5Bcontroller%5D=admin%2Fproducts&source%5Bsection%5D=admin
      X-Content-Type-Options:
      - nosniff
      - nosniff
      X-Frame-Options:
      - DENY
      X-Shopid:
      - '9123524'
      X-Shardid:
      - '2'
      X-Shopify-Shop-Api-Call-Limit:
      - 1/40
      Http-X-Shopify-Shop-Api-Call-Limit:
      - 1/40
      X-Stats-Userid:
      - '0'
      X-Stats-Apiclientid:
      - '977366'
      X-Stats-Apipermissionid:
      - '12331486'
      Set-Cookie:
      - request_method=GET; path=/
      X-Request-Id:
      - 3232872b-ada2-49cb-8518-93b6a5ea8e94
      P3p:
      - CP="NOI DSP COR NID ADMa OPTa OUR NOR"
      X-Dc:
      - ash
    body:
      encoding: UTF-8
      string: '{"products":[{"id":1505250435}]}'
    http_version: 
  recorded_at: Mon, 20 Jul 2015 10:25:32 GMT
- request:
    method: get
    uri: https://267bb31dc494b49d62868e5845133fea:670cb9711a17762b01aedd42692b2225@roarify.myshopify.com/admin/products/1505250435.json
    body:
      encoding: US-ASCII
      string: ''
    headers:
      Accept-Encoding:
      - gzip;q=1.0,deflate;q=0.6,identity;q=0.3
      Accept:
      - application/json
      User-Agent:
      - Ruby
      Content-Type:
      - application/json
  response:
    status:
      code: 200
      message: OK
    headers:
      Server:
      - nginx
      Date:
      - Mon, 20 Jul 2015 10:25:33 GMT
      Content-Type:
      - application/json; charset=utf-8
      Transfer-Encoding:
      - chunked
      Connection:
      - keep-alive
      X-Sorting-Hat-Podid:
      - '2'
      X-Sorting-Hat-Shopid:
      - '9123524'
      X-Sorting-Hat-Podid-Cached:
      - '1'
      X-Sorting-Hat-Shopid-Cached:
      - '1'
      Vary:
      - Accept-Encoding
      Status:
      - 200 OK
      X-Xss-Protection:
      - 1; mode=block; report=/xss-report/15dc1fcf-5d3c-4a1a-acb2-9f7d59936d92?source%5Baction%5D=show&source%5Bcontroller%5D=admin%2Fproducts&source%5Bsection%5D=admin
      X-Content-Type-Options:
      - nosniff
      - nosniff
      X-Frame-Options:
      - DENY
      X-Shopid:
      - '9123524'
      X-Shardid:
      - '2'
      X-Shopify-Shop-Api-Call-Limit:
      - 1/40
      Http-X-Shopify-Shop-Api-Call-Limit:
      - 1/40
      X-Stats-Userid:
      - '0'
      X-Stats-Apiclientid:
      - '977366'
      X-Stats-Apipermissionid:
      - '12331486'
      Set-Cookie:
      - request_method=GET; path=/
      X-Request-Id:
      - 15dc1fcf-5d3c-4a1a-acb2-9f7d59936d92
      P3p:
      - CP="NOI DSP COR NID ADMa OPTa OUR NOR"
      X-Dc:
      - ash
    body:
      encoding: UTF-8
      string: '{"product":{"body_html":null,"created_at":"2015-07-08T07:42:19-04:00","handle":"i-like-this-book","id":1505250435,"product_type":"","published_at":"2015-07-08T07:42:19-04:00","published_scope":"global","template_suffix":null,"title":"New
        Title","updated_at":"2015-07-19T03:25:50-04:00","vendor":"Roarify","tags":"","variants":[{"barcode":null,"compare_at_price":null,"created_at":"2015-07-08T07:42:19-04:00","fulfillment_service":"manual","grams":0,"id":4515919875,"inventory_management":null,"inventory_policy":"deny","option1":"Default
        Title","option2":null,"option3":null,"position":1,"price":"0.00","product_id":1505250435,"requires_shipping":true,"sku":"","taxable":true,"title":"Default
        Title","updated_at":"2015-07-08T07:42:19-04:00","inventory_quantity":1,"old_inventory_quantity":1,"image_id":null,"weight":0.0,"weight_unit":"kg"}],"options":[{"id":1802264003,"name":"Title","position":1,"product_id":1505250435,"values":["Default
        Title"]}],"images":[],"image":null}}'
    http_version: 
  recorded_at: Mon, 20 Jul 2015 10:25:33 GMT
- request:
    method: put
    uri: https://267bb31dc494b49d62868e5845133fea:670cb9711a17762b01aedd42692b2225@roarify.myshopify.com/admin/products/1505250435.json
    body:
      encoding: UTF-8
      string: '{"product":{"variants":[{"id":4515919875,"sku":"","option1":"Default
        Title","price":"0.00","title":"Default Title","inventory_quantity":1,"old_inventory_quantity":1}],"images":[],"options":[{"id":1802264003,"name":"Title","position":1,"product_id":1505250435,"values":["Default
        Title"]}],"title":"New Title","id":1505250435,"vendor":"Roarify","created_at":"2015-07-08T07:42:19-04:00","handle":"i-like-this-book","product_type":"","published_at":"2015-07-08T07:42:19-04:00","published_scope":"global","tags":"","updated_at":"2015-07-19T03:25:50-04:00"}}'
    headers:
      Accept-Encoding:
      - gzip;q=1.0,deflate;q=0.6,identity;q=0.3
      Accept:
      - application/json
      User-Agent:
      - Ruby
      Content-Type:
      - application/json
  response:
    status:
      code: 200
      message: OK
    headers:
      Server:
      - nginx
      Date:
      - Mon, 20 Jul 2015 10:25:34 GMT
      Content-Type:
      - application/json; charset=utf-8
      Transfer-Encoding:
      - chunked
      Connection:
      - keep-alive
      X-Sorting-Hat-Podid:
      - '2'
      X-Sorting-Hat-Shopid:
      - '9123524'
      X-Sorting-Hat-Podid-Cached:
      - '1'
      X-Sorting-Hat-Shopid-Cached:
      - '1'
      Vary:
      - Accept-Encoding
      Status:
      - 200 OK
      X-Xss-Protection:
      - 1; mode=block; report=/xss-report/2e4f64c7-6431-4f54-9d97-bfb79e09c86c?source%5Baction%5D=update&source%5Bcontroller%5D=admin%2Fproducts&source%5Bsection%5D=admin
      X-Content-Type-Options:
      - nosniff
      - nosniff
      X-Frame-Options:
      - DENY
      X-Shopid:
      - '9123524'
      X-Shardid:
      - '2'
      X-Shopify-Shop-Api-Call-Limit:
      - 1/40
      Http-X-Shopify-Shop-Api-Call-Limit:
      - 1/40
      X-Stats-Userid:
      - '0'
      X-Stats-Apiclientid:
      - '977366'
      X-Stats-Apipermissionid:
      - '12331486'
      Location:
      - https://roarify.myshopify.com/admin/products/1505250435
      Set-Cookie:
      - _secure_admin_session_id=6943b4fbe14129423fb4719be4413e01; path=/admin; secure;
        HttpOnly
      - request_method=PUT; path=/
      X-Request-Id:
      - 2e4f64c7-6431-4f54-9d97-bfb79e09c86c
      P3p:
      - CP="NOI DSP COR NID ADMa OPTa OUR NOR"
      X-Dc:
      - ash
    body:
      encoding: UTF-8
      string: '{"product":{"body_html":null,"created_at":"2015-07-08T07:42:19-04:00","handle":"i-like-this-book","id":1505250435,"product_type":"","published_at":"2015-07-08T07:42:19-04:00","published_scope":"global","template_suffix":null,"title":"New
        Title","updated_at":"2015-07-20T06:25:34-04:00","vendor":"Roarify","tags":"","variants":[{"barcode":null,"compare_at_price":null,"created_at":"2015-07-08T07:42:19-04:00","fulfillment_service":"manual","grams":0,"id":4515919875,"inventory_management":null,"inventory_policy":"deny","option1":"Default
        Title","option2":null,"option3":null,"position":1,"price":"0.00","product_id":1505250435,"requires_shipping":true,"sku":"","taxable":true,"title":"Default
        Title","updated_at":"2015-07-08T07:42:19-04:00","inventory_quantity":1,"old_inventory_quantity":1,"image_id":null,"weight":0.0,"weight_unit":"kg"}],"options":[{"id":1802264003,"name":"Title","position":1,"product_id":1505250435,"values":["Default
        Title"]}],"images":[],"image":null}}'
    http_version: 
  recorded_at: Mon, 20 Jul 2015 10:25:35 GMT
recorded_with: VCR 2.9.3
